{
  "version": "1.5.0",
  "plugins_used": [
    {
      "name": "ArtifactoryDetector"
    },
    {
      "name": "AWSKeyDetector"
    },
    {
      "name": "AzureStorageKeyDetector"
    },
    {
      "name": "Base64HighEntropyString",
      "limit": 4.5
    },
    {
      "name": "BasicAuthDetector"
    },
    {
      "name": "CloudantDetector"
    },
    {
      "name": "DiscordBotTokenDetector"
    },
    {
      "name": "GitHubTokenDetector"
    },
    {
      "name": "GitLabTokenDetector"
    },
    {
      "name": "HexHighEntropyString",
      "limit": 3.0
    },
    {
      "name": "IbmCloudIamDetector"
    },
    {
      "name": "IbmCosHmacDetector"
    },
    {
      "name": "IPPublicDetector"
    },
    {
      "name": "JwtTokenDetector"
    },
    {
      "name": "MailchimpDetector"
    },
    {
      "name": "NpmDetector"
    },
    {
      "name": "OpenAIDetector"
    },
    {
      "name": "PrivateKeyDetector"
    },
    {
      "name": "PypiTokenDetector"
    },
    {
      "name": "SendGridDetector"
    },
    {
      "name": "SlackDetector"
    },
    {
      "name": "SoftlayerDetector"
    },
    {
      "name": "SquareOAuthDetector"
    },
    {
      "name": "StripeDetector"
    },
    {
      "name": "TelegramBotTokenDetector"
    },
    {
      "name": "TwilioKeyDetector"
    }
  ],
  "filters_used": [
    {
      "path": "detect_secrets.filters.allowlist.is_line_allowlisted"
    },
    {
      "path": "detect_secrets.filters.common.is_baseline_file",
      "filename": ".secrets.baseline"
    },
    {
      "path": "detect_secrets.filters.common.is_ignored_due_to_verification_policies",
      "min_level": 2
    },
    {
      "path": "detect_secrets.filters.heuristic.is_indirect_reference"
    },
    {
      "path": "detect_secrets.filters.heuristic.is_likely_id_string"
    },
    {
      "path": "detect_secrets.filters.heuristic.is_lock_file"
    },
    {
      "path": "detect_secrets.filters.heuristic.is_not_alphanumeric_string"
    },
    {
      "path": "detect_secrets.filters.heuristic.is_potential_uuid"
    },
    {
      "path": "detect_secrets.filters.heuristic.is_prefixed_with_dollar_sign"
    },
    {
      "path": "detect_secrets.filters.heuristic.is_sequential_string"
    },
    {
      "path": "detect_secrets.filters.heuristic.is_swagger_file"
    },
    {
      "path": "detect_secrets.filters.heuristic.is_templated_secret"
    }
  ],
  "results": {
    "grafana/grafana-secret.yaml": [
      {
        "type": "Secret Keyword",
        "filename": "grafana/grafana-secret.yaml",
        "hashed_secret": "f5c828ff122cd8d0509051584236cceb28c78bfa",
        "is_verified": false,
        "line_number": 11
      }
    ],
    "jenkins/README.md": [
      {
        "type": "Secret Keyword",
        "filename": "jenkins/README.md",
        "hashed_secret": "c5b3675e2c5659a7e024f8a482c4e40c56751f30",
        "is_verified": false,
        "line_number": 57
      }
    ],
    "jenkins/values.yaml": [
      {
        "type": "Secret Keyword",
        "filename": "jenkins/values.yaml",
        "hashed_secret": "d5ae5026de546d77c70e6ca6ec05209a75a3fa57",
        "is_verified": false,
        "line_number": 95
      },
      {
        "type": "Secret Keyword",
        "filename": "jenkins/values.yaml",
        "hashed_secret": "c5b3675e2c5659a7e024f8a482c4e40c56751f30",
        "is_verified": false,
        "line_number": 103
      },
      {
        "type": "Secret Keyword",
        "filename": "jenkins/values.yaml",
        "hashed_secret": "8504471857a20f97e09e649c2c5c96827d43719c",
        "is_verified": false,
        "line_number": 1422
      },
      {
        "type": "Secret Keyword",
        "filename": "jenkins/values.yaml",
        "hashed_secret": "785da06bb7c3a577ecb16fe226f232f3a21dc16a",
        "is_verified": false,
        "line_number": 1426
      },
      {
        "type": "Secret Keyword",
        "filename": "jenkins/values.yaml",
        "hashed_secret": "5baa61e4c9b93f3f0682250b6cf8331b7ee68fd8",
        "is_verified": false,
        "line_number": 1437
      }
    ],
    "postgresql/pgadmin/pgadmin-credentials.yaml": [
      {
        "type": "Secret Keyword",
        "filename": "postgresql/pgadmin/pgadmin-credentials.yaml",
        "hashed_secret": "f435e09f1f5ac13e75ee3b3c8e0bfcb38f088c61",
        "is_verified": false,
        "line_number": 9
      }
    ]
  },
  "generated_at": "2026-10-01T05:12:54Z"
}
